// Jest Snapshot v1, https://goo.gl/fbAQLP

exports[`<Dashboard Container /> matches snapshot 1`] = `
<Memo(Dashboard)
  dataReady={true}
  setTab={[Function]}
  tab="accountTab"
/>
`;
