// Jest Snapshot v1, https://goo.gl/fbAQLP

exports[`<Toasts Container /> matches snapshot 1`] = `
<Toasts
  closeToast={[Function]}
  toasts={Array []}
/>
`;
